{"level":"info","message":"⬆️ CargoControl.constructor()","timestamp":"2026-08-26 17:45:37"}
{"level":"info","message":"⬆️ CargoControl.constructor()","timestamp":"2026-08-26 17:46:12"}
{"level":"info","message":"⬆️ FuncionarioControl.constructor()","timestamp":"2026-08-26 17:46:12"}
{"level":"info","message":"🔵 CargoControl.index - Listando todos os cargos","method":"GET","timestamp":"2026-08-26 17:46:38","url":"/api/v1/cargos"}
{"level":"info","message":"✅ CargoControl.index - 4 cargos encontrados","timestamp":"2026-08-26 17:46:38"}
{"level":"info","message":"🔵 FuncionarioControl.index - Listando todos os funcionários","method":"GET","timestamp":"2026-08-26 17:46:38","url":"/api/v1/funcionarios"}
{"level":"info","message":"✅ FuncionarioControl.index - 3 funcionários encontrados","timestamp":"2026-08-26 17:46:38"}
{"level":"info","message":"⬆️ CargoDAOMongo.constructor()","timestamp":"2026-08-26 17:48:23"}
{"level":"info","message":"⬆️ CargoControl.constructor()","timestamp":"2026-08-26 17:48:23"}
{"level":"info","message":"⬆️ FuncionarioControl.constructor()","timestamp":"2026-08-26 17:48:23"}
{"level":"info","message":"🔵 CargoControl.index - Listando todos os cargos","method":"GET","timestamp":"2026-08-26 17:48:25","url":"/api/v1/cargos"}
{"level":"info","message":"✅ CargoDAOMongo.findAll - 4 cargos encontrados","timestamp":"2026-08-26 17:48:25"}
{"level":"info","message":"✅ CargoControl.index - 4 cargos encontrados","timestamp":"2026-08-26 17:48:25"}
{"level":"info","message":"🔵 CargoControl.index - Listando todos os cargos","method":"GET","timestamp":"2026-08-26 17:48:27","url":"/api/v1/cargos"}
{"level":"info","message":"✅ CargoDAOMongo.findAll - 4 cargos encontrados","timestamp":"2026-08-26 17:48:27"}
{"level":"info","message":"✅ CargoControl.index - 4 cargos encontrados","timestamp":"2026-08-26 17:48:27"}
{"level":"info","message":"🔵 CargoControl.index - Listando todos os cargos","method":"GET","timestamp":"2026-08-26 17:48:28","url":"/api/v1/cargos"}
{"level":"info","message":"✅ CargoDAOMongo.findAll - 4 cargos encontrados","timestamp":"2026-08-26 17:48:28"}
{"level":"info","message":"✅ CargoControl.index - 4 cargos encontrados","timestamp":"2026-08-26 17:48:28"}
{"level":"info","message":"🔵 CargoControl.index - Listando todos os cargos","method":"GET","timestamp":"2026-08-26 17:49:06","url":"/api/v1/cargos"}
{"level":"info","message":"✅ CargoDAOMongo.findAll - 4 cargos encontrados","timestamp":"2026-08-26 17:49:06"}
{"level":"info","message":"✅ CargoControl.index - 4 cargos encontrados","timestamp":"2026-08-26 17:49:06"}
{"level":"info","message":"🔵 CargoControl.index - Listando todos os cargos","method":"GET","timestamp":"2026-08-26 17:49:17","url":"/api/v1/cargos"}
{"level":"info","message":"✅ CargoDAOMongo.findAll - 4 cargos encontrados","timestamp":"2026-08-26 17:49:17"}
{"level":"info","message":"✅ CargoControl.index - 4 cargos encontrados","timestamp":"2026-08-26 17:49:17"}
{"database":"gestao_rh","hasAuth":false,"host":"localhost","level":"info","message":"⬆️ MongoDatabase.constructor - Instância criada","port":27017,"timestamp":"2026-08-26 17:49:27"}
{"database":"gestao_rh","host":"localhost","level":"info","message":"✅ MongoDatabase.connect - Conectado ao MongoDB com sucesso!","port":27017,"timestamp":"2026-08-26 17:49:27"}
{"level":"info","message":"⬆️ CargoDAOMongo.constructor()","timestamp":"2026-08-26 17:49:27"}
{"level":"info","message":"⬆️ CargoControl.constructor()","timestamp":"2026-08-26 17:49:27"}
{"level":"info","message":"⬆️ FuncionarioDAOMongo.constructor()","timestamp":"2026-08-26 17:49:27"}
{"level":"info","message":"⬆️ FuncionarioControl.constructor()","timestamp":"2026-08-26 17:49:27"}
{"level":"info","message":"🔵 CargoControl.index - Listando todos os cargos","method":"GET","timestamp":"2026-08-26 17:49:59","url":"/api/v1/cargos"}
{"level":"info","message":"✅ CargoDAOMongo.findAll - 4 cargos encontrados","timestamp":"2026-08-26 17:49:59"}
{"level":"info","message":"✅ CargoControl.index - 4 cargos encontrados","timestamp":"2026-08-26 17:49:59"}
{"level":"info","message":"🔵 CargoControl.index - Listando todos os cargos","method":"GET","timestamp":"2026-08-26 17:49:59","url":"/api/v1/cargos"}
{"level":"info","message":"✅ CargoDAOMongo.findAll - 4 cargos encontrados","timestamp":"2026-08-26 17:49:59"}
{"level":"info","message":"✅ CargoControl.index - 4 cargos encontrados","timestamp":"2026-08-26 17:49:59"}
{"database":"gestao_rh","hasAuth":false,"host":"localhost","level":"info","message":"⬆️ MongoDatabase.constructor - Instância criada","port":27017,"timestamp":"2026-08-26 17:51:47"}
{"database":"gestao_rh","host":"localhost","level":"info","message":"✅ MongoDatabase.connect - Conectado ao MongoDB com sucesso!","port":27017,"timestamp":"2026-08-26 17:51:47"}
{"level":"info","message":"⬆️ CargoDAOMongo.constructor()","timestamp":"2026-08-26 17:51:47"}
{"level":"info","message":"⬆️ CargoControl.constructor()","timestamp":"2026-08-26 17:51:47"}
{"level":"info","message":"⬆️ CargoRoteador.constructor()","timestamp":"2026-08-26 17:51:47"}
{"level":"info","message":"⬆️ CargoRoteador.createRoutes - Configurando rotas da entidade Cargo","timestamp":"2026-08-26 17:51:47"}
{"basePath":"/api/v1/cargos","level":"info","message":"✅ CargoRoteador.createRoutes - Todas as rotas de Cargo configuradas com sucesso","timestamp":"2026-08-26 17:51:47","totalRoutes":5}
{"level":"info","message":"⬆️ FuncionarioDAOMongo.constructor()","timestamp":"2026-08-26 17:51:47"}
{"level":"info","message":"⬆️ FuncionarioControl.constructor()","timestamp":"2026-08-26 17:51:47"}
{"level":"info","message":"⬆️ FuncionarioRoteador.constructor()","timestamp":"2026-08-26 17:51:47"}
{"level":"info","message":"⬆️ FuncionarioRoteador.createRoutes - Configurando rotas da entidade Funcionario","timestamp":"2026-08-26 17:51:47"}
{"basePath":"/api/v1/funcionarios","level":"info","message":"✅ FuncionarioRoteador.createRoutes - Todas as rotas de Funcionario configuradas com sucesso","protectedRoutes":["POST /","PUT /:idFuncionario","DELETE /:idFuncionario","GET /","GET /:idFuncionario"],"publicRoutes":["POST /login"],"timestamp":"2026-08-26 17:51:47","totalRoutes":6}
{"database":"gestao_rh","hasAuth":false,"host":"localhost","level":"info","message":"⬆️ MongoDatabase.constructor - Instância criada","port":27017,"timestamp":"2026-08-26 17:52:53"}
{"database":"gestao_rh","host":"localhost","level":"info","message":"✅ MongoDatabase.connect - Conectado ao MongoDB com sucesso!","port":27017,"timestamp":"2026-08-26 17:52:53"}
{"level":"info","message":"⬆️ CargoDAOMongo.constructor()","timestamp":"2026-08-26 17:52:53"}
{"level":"info","message":"⬆️ CargoService.constructor()","timestamp":"2026-08-26 17:52:53"}
{"level":"info","message":"⬆️ CargoControl.constructor()","timestamp":"2026-08-26 17:52:53"}
{"level":"info","message":"⬆️ CargoRoteador.constructor()","timestamp":"2026-08-26 17:52:53"}
{"level":"info","message":"⬆️ CargoRoteador.createRoutes - Configurando rotas da entidade Cargo","timestamp":"2026-08-26 17:52:53"}
{"basePath":"/api/v1/cargos","level":"info","message":"✅ CargoRoteador.createRoutes - Todas as rotas de Cargo configuradas com sucesso","timestamp":"2026-08-26 17:52:53","totalRoutes":5}
{"level":"info","message":"⬆️ FuncionarioDAOMongo.constructor()","timestamp":"2026-08-26 17:52:53"}
{"level":"info","message":"⬆️ FuncionarioService.constructor()","timestamp":"2026-08-26 17:52:53"}
{"level":"info","message":"⬆️ FuncionarioControl.constructor()","timestamp":"2026-08-26 17:52:53"}
{"level":"info","message":"⬆️ FuncionarioRoteador.constructor()","timestamp":"2026-08-26 17:52:53"}
{"level":"info","message":"⬆️ FuncionarioRoteador.createRoutes - Configurando rotas da entidade Funcionario","timestamp":"2026-08-26 17:52:53"}
{"basePath":"/api/v1/funcionarios","level":"info","message":"✅ FuncionarioRoteador.createRoutes - Todas as rotas de Funcionario configuradas com sucesso","protectedRoutes":["POST /","PUT /:idFuncionario","DELETE /:idFuncionario","GET /","GET /:idFuncionario"],"publicRoutes":["POST /login"],"timestamp":"2026-08-26 17:52:53","totalRoutes":6}
{"level":"info","message":"🚀 Main - Iniciando aplicação","timestamp":"2026-08-26 17:53:38"}
{"database":"gestao_rh","hasAuth":false,"host":"localhost","level":"info","message":"⬆️ MongoDatabase.constructor - Instância criada","port":27017,"timestamp":"2026-08-26 17:53:38"}
{"database":"gestao_rh","host":"localhost","level":"info","message":"✅ MongoDatabase.connect - Conectado ao MongoDB com sucesso!","port":27017,"timestamp":"2026-08-26 17:53:38"}
{"level":"info","message":"⬆️ CargoDAOMongo.constructor()","timestamp":"2026-08-26 17:53:38"}
{"level":"info","message":"⬆️ CargoService.constructor()","timestamp":"2026-08-26 17:53:38"}
{"level":"info","message":"⬆️ CargoControl.constructor()","timestamp":"2026-08-26 17:53:38"}
{"level":"info","message":"⬆️ CargoRoteador.constructor()","timestamp":"2026-08-26 17:53:38"}
{"level":"info","message":"⬆️ CargoRoteador.createRoutes - Configurando rotas da entidade Cargo","timestamp":"2026-08-26 17:53:38"}
{"basePath":"/api/v1/cargos","level":"info","message":"✅ CargoRoteador.createRoutes - Todas as rotas de Cargo configuradas com sucesso","timestamp":"2026-08-26 17:53:38","totalRoutes":5}
{"level":"info","message":"⬆️ FuncionarioDAOMongo.constructor()","timestamp":"2026-08-26 17:53:38"}
{"level":"info","message":"⬆️ FuncionarioService.constructor()","timestamp":"2026-08-26 17:53:38"}
{"level":"info","message":"⬆️ FuncionarioControl.constructor()","timestamp":"2026-08-26 17:53:38"}
{"level":"info","message":"⬆️ FuncionarioRoteador.constructor()","timestamp":"2026-08-26 17:53:38"}
{"level":"info","message":"⬆️ FuncionarioRoteador.createRoutes - Configurando rotas da entidade Funcionario","timestamp":"2026-08-26 17:53:38"}
{"basePath":"/api/v1/funcionarios","level":"info","message":"✅ FuncionarioRoteador.createRoutes - Todas as rotas de Funcionario configuradas com sucesso","protectedRoutes":["POST /","PUT /:idFuncionario","DELETE /:idFuncionario","GET /","GET /:idFuncionario"],"publicRoutes":["POST /login"],"timestamp":"2026-08-26 17:53:38","totalRoutes":6}
{"level":"info","message":"✅ Main - Servidor iniciado com sucesso!","timestamp":"2026-08-26 17:53:38"}
{"level":"info","message":"🌐 Main - Acesse http://localhost:8080/Login.html","timestamp":"2026-08-26 17:53:38"}
{"level":"info","message":"🛑 Recebido SIGINT - Encerrando aplicação...","timestamp":"2026-08-26 17:53:58"}
{"level":"info","message":"🚀 Main - Iniciando aplicação","timestamp":"2026-08-26 17:53:59"}
{"level":"info","message":"⬆️ Server.constructor()","timestamp":"2026-08-26 17:53:59"}
{"level":"info","message":"⬆️ Server.init - Iniciando servidor","timestamp":"2026-08-26 17:53:59"}
{"database":"gestao_rh","hasAuth":false,"host":"localhost","level":"info","message":"⬆️ MongoDatabase.constructor - Instância criada","port":27017,"timestamp":"2026-08-26 17:53:59"}
{"database":"gestao_rh","host":"localhost","level":"info","message":"✅ MongoDatabase.connect - Conectado ao MongoDB com sucesso!","port":27017,"timestamp":"2026-08-26 17:53:59"}
{"level":"info","message":"✅ Server.init - Conectado ao MongoDB com sucesso","timestamp":"2026-08-26 17:53:59"}
{"level":"info","message":"✅ Server.#seedDatabase - Cargos já existentes, seed não executada.","timestamp":"2026-08-26 17:53:59"}
{"level":"info","message":"⬆️ Server.setupCargo - Configurando módulo Cargo","timestamp":"2026-08-26 17:53:59"}
{"level":"info","message":"⬆️ CargoDAOMongo.constructor()","timestamp":"2026-08-26 17:53:59"}
{"level":"info","message":"⬆️ CargoService.constructor()","timestamp":"2026-08-26 17:53:59"}
{"level":"info","message":"⬆️ CargoControl.constructor()","timestamp":"2026-08-26 17:53:59"}
{"level":"info","message":"⬆️ CargoRoteador.constructor()","timestamp":"2026-08-26 17:53:59"}
{"level":"info","message":"⬆️ CargoRoteador.createRoutes - Configurando rotas da entidade Cargo","timestamp":"2026-08-26 17:53:59"}
{"basePath":"/api/v1/cargos","level":"info","message":"✅ CargoRoteador.createRoutes - Todas as rotas de Cargo configuradas com sucesso","timestamp":"2026-08-26 17:53:59","totalRoutes":5}
{"level":"info","message":"✅ Server.setupCargo - Rotas de Cargo configuradas com sucesso","timestamp":"2026-08-26 17:53:59"}
{"level":"info","message":"⬆️ Server.setupFuncionario - Configurando módulo Funcionario","timestamp":"2026-08-26 17:53:59"}
{"level":"info","message":"⬆️ FuncionarioDAOMongo.constructor()","timestamp":"2026-08-26 17:53:59"}
{"level":"info","message":"⬆️ FuncionarioService.constructor()","timestamp":"2026-08-26 17:53:59"}
{"level":"info","message":"⬆️ FuncionarioControl.constructor()","timestamp":"2026-08-26 17:53:59"}
{"level":"info","message":"⬆️ FuncionarioRoteador.constructor()","timestamp":"2026-08-26 17:53:59"}
{"level":"info","message":"⬆️ FuncionarioRoteador.createRoutes - Configurando rotas da entidade Funcionario","timestamp":"2026-08-26 17:53:59"}
{"basePath":"/api/v1/funcionarios","level":"info","message":"✅ FuncionarioRoteador.createRoutes - Todas as rotas de Funcionario configuradas com sucesso","protectedRoutes":["POST /","PUT /:idFuncionario","DELETE /:idFuncionario","GET /","GET /:idFuncionario"],"publicRoutes":["POST /login"],"timestamp":"2026-08-26 17:53:59","totalRoutes":6}
{"level":"info","message":"✅ Server.setupFuncionario - Rotas de Funcionario configuradas com sucesso","timestamp":"2026-08-26 17:53:59"}
{"level":"info","message":"⬆️ Server.setupErrorMiddleware - Configurando middleware de tratamento de erros","timestamp":"2026-08-26 17:53:59"}
{"level":"info","message":"✅ Server.init - Servidor inicializado com sucesso","timestamp":"2026-08-26 17:53:59"}
{"level":"info","message":"✅ Main - Servidor iniciado com sucesso!","timestamp":"2026-08-26 17:53:59"}
{"level":"info","message":"🌐 Main - Acesse http://localhost:8080/Login.html","timestamp":"2026-08-26 17:53:59"}
{"level":"info","message":"🚀 Server.run - Servidor rodando em http://localhost:8080/Login.html","timestamp":"2026-08-26 17:53:59"}
{"level":"info","message":"🛑 Recebido SIGINT - Encerrando aplicação...","timestamp":"2026-08-26 17:54:11"}
{"level":"info","message":"🚀 Main - Iniciando aplicação","timestamp":"2026-08-26 17:54:12"}
{"level":"info","message":"⬆️ Server.constructor()","timestamp":"2026-08-26 17:54:12"}
{"level":"info","message":"⬆️ Server.init - Iniciando servidor","timestamp":"2026-08-26 17:54:12"}
{"database":"gestao_rh","hasAuth":false,"host":"localhost","level":"info","message":"⬆️ MongoDatabase.constructor - Instância criada","port":27017,"timestamp":"2026-08-26 17:54:12"}
{"database":"gestao_rh","host":"localhost","level":"info","message":"✅ MongoDatabase.connect - Conectado ao MongoDB com sucesso!","port":27017,"timestamp":"2026-08-26 17:54:12"}
{"level":"info","message":"✅ Server.init - Conectado ao MongoDB com sucesso","timestamp":"2026-08-26 17:54:12"}
{"level":"info","message":"✅ Server.#seedDatabase - Cargos já existentes, seed não executada.","timestamp":"2026-08-26 17:54:12"}
{"level":"info","message":"⬆️ Server.setupCargo - Configurando módulo Cargo","timestamp":"2026-08-26 17:54:12"}
{"level":"info","message":"⬆️ CargoDAOMongo.constructor()","timestamp":"2026-08-26 17:54:12"}
{"level":"info","message":"⬆️ CargoService.constructor()","timestamp":"2026-08-26 17:54:12"}
{"level":"info","message":"⬆️ CargoControl.constructor()","timestamp":"2026-08-26 17:54:12"}
{"level":"info","message":"⬆️ CargoRoteador.constructor()","timestamp":"2026-08-26 17:54:12"}
{"level":"info","message":"⬆️ CargoRoteador.createRoutes - Configurando rotas da entidade Cargo","timestamp":"2026-08-26 17:54:12"}
{"basePath":"/api/v1/cargos","level":"info","message":"✅ CargoRoteador.createRoutes - Todas as rotas de Cargo configuradas com sucesso","timestamp":"2026-08-26 17:54:12","totalRoutes":5}
{"level":"info","message":"✅ Server.setupCargo - Rotas de Cargo configuradas com sucesso","timestamp":"2026-08-26 17:54:12"}
{"level":"info","message":"⬆️ Server.setupFuncionario - Configurando módulo Funcionario","timestamp":"2026-08-26 17:54:12"}
{"level":"info","message":"⬆️ FuncionarioDAOMongo.constructor()","timestamp":"2026-08-26 17:54:12"}
{"level":"info","message":"⬆️ FuncionarioService.constructor()","timestamp":"2026-08-26 17:54:12"}
{"level":"info","message":"⬆️ FuncionarioControl.constructor()","timestamp":"2026-08-26 17:54:12"}
{"level":"info","message":"⬆️ FuncionarioRoteador.constructor()","timestamp":"2026-08-26 17:54:12"}
{"level":"info","message":"⬆️ FuncionarioRoteador.createRoutes - Configurando rotas da entidade Funcionario","timestamp":"2026-08-26 17:54:12"}
{"basePath":"/api/v1/funcionarios","level":"info","message":"✅ FuncionarioRoteador.createRoutes - Todas as rotas de Funcionario configuradas com sucesso","protectedRoutes":["POST /","PUT /:idFuncionario","DELETE /:idFuncionario","GET /","GET /:idFuncionario"],"publicRoutes":["POST /login"],"timestamp":"2026-08-26 17:54:12","totalRoutes":6}
{"level":"info","message":"✅ Server.setupFuncionario - Rotas de Funcionario configuradas com sucesso","timestamp":"2026-08-26 17:54:12"}
{"level":"info","message":"⬆️ Server.setupErrorMiddleware - Configurando middleware de tratamento de erros","timestamp":"2026-08-26 17:54:12"}
{"level":"info","message":"✅ Server.init - Servidor inicializado com sucesso","timestamp":"2026-08-26 17:54:12"}
{"level":"info","message":"✅ Main - Servidor iniciado com sucesso!","timestamp":"2026-08-26 17:54:12"}
{"level":"info","message":"🌐 Main - Acesse http://localhost:8080/Login.html","timestamp":"2026-08-26 17:54:12"}
{"level":"info","message":"🚀 Server.run - Servidor rodando em http://localhost:8080/index.html","timestamp":"2026-08-26 17:54:12"}
{"email":"helioesperidiao@gmail.com","idFuncionario":null,"level":"info","message":"✅ JwtMiddleware.validateToken - Token válido - renovado com sucesso","name":"Hélio","role":"Administrador","timestamp":"2026-08-26 17:54:57","url":"/api/v1/cargos"}
{"level":"info","message":"🔵 CargoControl.index - Listando todos os cargos","method":"GET","timestamp":"2026-08-26 17:54:57","url":"/api/v1/cargos"}
{"level":"info","message":"✅ CargoDAOMongo.findAll - 4 cargos encontrados","timestamp":"2026-08-26 17:54:57"}
{"level":"info","message":"✅ CargoService.findAll - 4 cargos encontrados","timestamp":"2026-08-26 17:54:57"}
{"level":"info","message":"✅ CargoControl.index - 4 cargos encontrados","timestamp":"2026-08-26 17:54:57"}
{"email":"helioesperidiao@gmail.com","idFuncionario":null,"level":"info","message":"✅ JwtMiddleware.validateToken - Token válido - renovado com sucesso","name":"Hélio","role":"Administrador","timestamp":"2026-08-26 17:54:58","url":"/api/v1/cargos"}
{"level":"info","message":"🔵 CargoControl.index - Listando todos os cargos","method":"GET","timestamp":"2026-08-26 17:54:58","url":"/api/v1/cargos"}
{"level":"info","message":"✅ CargoDAOMongo.findAll - 4 cargos encontrados","timestamp":"2026-08-26 17:54:58"}
{"level":"info","message":"✅ CargoService.findAll - 4 cargos encontrados","timestamp":"2026-08-26 17:54:58"}
{"level":"info","message":"✅ CargoControl.index - 4 cargos encontrados","timestamp":"2026-08-26 17:54:58"}
{"email":"helioesperidiao@gmail.com","idFuncionario":null,"level":"info","message":"✅ JwtMiddleware.validateToken - Token válido - renovado com sucesso","name":"Hélio","role":"Administrador","timestamp":"2026-08-26 17:54:59","url":"/api/v1/cargos"}
{"level":"info","message":"🔵 CargoControl.index - Listando todos os cargos","method":"GET","timestamp":"2026-08-26 17:54:59","url":"/api/v1/cargos"}
{"level":"info","message":"✅ CargoDAOMongo.findAll - 4 cargos encontrados","timestamp":"2026-08-26 17:54:59"}
{"level":"info","message":"✅ CargoService.findAll - 4 cargos encontrados","timestamp":"2026-08-26 17:54:59"}
{"level":"info","message":"✅ CargoControl.index - 4 cargos encontrados","timestamp":"2026-08-26 17:54:59"}
{"email":"helioesperidiao@gmail.com","idFuncionario":null,"level":"info","message":"✅ JwtMiddleware.validateToken - Token válido - renovado com sucesso","name":"Hélio","role":"Administrador","timestamp":"2026-08-26 17:54:59","url":"/api/v1/cargos"}
{"level":"info","message":"🔵 CargoControl.index - Listando todos os cargos","method":"GET","timestamp":"2026-08-26 17:54:59","url":"/api/v1/cargos"}
{"level":"info","message":"✅ CargoDAOMongo.findAll - 4 cargos encontrados","timestamp":"2026-08-26 17:54:59"}
{"level":"info","message":"✅ CargoService.findAll - 4 cargos encontrados","timestamp":"2026-08-26 17:54:59"}
{"level":"info","message":"✅ CargoControl.index - 4 cargos encontrados","timestamp":"2026-08-26 17:54:59"}
{"email":"helioesperidiao@gmail.com","idFuncionario":null,"level":"info","message":"✅ JwtMiddleware.validateToken - Token válido - renovado com sucesso","name":"Hélio","role":"Administrador","timestamp":"2026-08-26 17:55:17","url":"/api/v1/cargos"}
{"level":"info","message":"🔵 CargoControl.index - Listando todos os cargos","method":"GET","timestamp":"2026-08-26 17:55:17","url":"/api/v1/cargos"}
{"level":"info","message":"✅ CargoDAOMongo.findAll - 4 cargos encontrados","timestamp":"2026-08-26 17:55:17"}
{"level":"info","message":"✅ CargoService.findAll - 4 cargos encontrados","timestamp":"2026-08-26 17:55:17"}
{"level":"info","message":"✅ CargoControl.index - 4 cargos encontrados","timestamp":"2026-08-26 17:55:17"}
{"email":"helioesperidiao@gmail.com","idFuncionario":null,"level":"info","message":"✅ JwtMiddleware.validateToken - Token válido - renovado com sucesso","name":"Hélio","role":"Administrador","timestamp":"2026-08-26 17:55:21","url":"/api/v1/cargos"}
{"body":{"cargo":{"nomeCargo":"teste"}},"level":"info","message":"🔵 CargoControl.store - Iniciando","method":"POST","timestamp":"2026-08-26 17:55:21","url":"/api/v1/cargos"}
{"level":"info","message":"✅ CargoDAOMongo.findByField - 0 cargos encontrados para nomeCargo=teste","timestamp":"2026-08-26 17:55:21"}
{"idCargo":"6a8f52b9a0f7d8d786e31857","level":"info","message":"✅ CargoDAOMongo.create - Cargo criado com sucesso","nomeCargo":"teste","timestamp":"2026-08-26 17:55:21"}
{"idCargo":"6a8f52b9a0f7d8d786e31857","level":"info","message":"✅ CargoService.createCargo - Cargo criado com sucesso","nomeCargo":"teste","timestamp":"2026-08-26 17:55:21"}
{"id":"6a8f52b9a0f7d8d786e31857","level":"info","message":"✅ CargoControl.store - Cargo criado com sucesso","timestamp":"2026-08-26 17:55:21"}
{"email":"helioesperidiao@gmail.com","idFuncionario":null,"level":"info","message":"✅ JwtMiddleware.validateToken - Token válido - renovado com sucesso","name":"Hélio","role":"Administrador","timestamp":"2026-08-26 17:55:21","url":"/api/v1/cargos"}
{"level":"info","message":"🔵 CargoControl.index - Listando todos os cargos","method":"GET","timestamp":"2026-08-26 17:55:21","url":"/api/v1/cargos"}
{"level":"info","message":"✅ CargoDAOMongo.findAll - 5 cargos encontrados","timestamp":"2026-08-26 17:55:21"}
{"level":"info","message":"✅ CargoService.findAll - 5 cargos encontrados","timestamp":"2026-08-26 17:55:21"}
{"level":"info","message":"✅ CargoControl.index - 5 cargos encontrados","timestamp":"2026-08-26 17:55:21"}
{"email":"helioesperidiao@gmail.com","idFuncionario":null,"level":"info","message":"✅ JwtMiddleware.validateToken - Token válido - renovado com sucesso","name":"Hélio","role":"Administrador","timestamp":"2026-08-26 17:56:35","url":"/api/v1/cargos"}
{"level":"info","message":"🔵 CargoControl.index - Listando todos os cargos","method":"GET","timestamp":"2026-08-26 17:56:35","url":"/api/v1/cargos"}
{"level":"info","message":"✅ CargoDAOMongo.findAll - 5 cargos encontrados","timestamp":"2026-08-26 17:56:35"}
{"level":"info","message":"✅ CargoService.findAll - 5 cargos encontrados","timestamp":"2026-08-26 17:56:35"}
{"level":"info","message":"✅ CargoControl.index - 5 cargos encontrados","timestamp":"2026-08-26 17:56:35"}
{"email":"helioesperidiao@gmail.com","idFuncionario":null,"level":"info","message":"✅ JwtMiddleware.validateToken - Token válido - renovado com sucesso","name":"Hélio","role":"Administrador","timestamp":"2026-08-26 17:56:39","url":"/api/v1/cargos/6a8f52b9a0f7d8d786e31857"}
{"idCargo":"6a8f52b9a0f7d8d786e31857","level":"info","message":"🔵 CargoControl.update - Atualizando cargo","nomeCargo":"teste2","timestamp":"2026-08-26 17:56:39","url":"/api/v1/cargos/6a8f52b9a0f7d8d786e31857"}
{"idCargo":"6a8f52b9a0f7d8d786e31857","level":"info","message":"✅ CargoDAOMongo.update - Cargo atualizado com sucesso","novoNome":"teste2","timestamp":"2026-08-26 17:56:39"}
{"level":"info","message":"✅ CargoService.updateCargo - Cargo 6a8f52b9a0f7d8d786e31857 atualizado com sucesso","nomeCargo":"teste2","timestamp":"2026-08-26 17:56:39"}
{"level":"info","message":"✅ CargoControl.update - Cargo 6a8f52b9a0f7d8d786e31857 atualizado com sucesso","timestamp":"2026-08-26 17:56:39"}
{"email":"helioesperidiao@gmail.com","idFuncionario":null,"level":"info","message":"✅ JwtMiddleware.validateToken - Token válido - renovado com sucesso","name":"Hélio","role":"Administrador","timestamp":"2026-08-26 17:56:39","url":"/api/v1/cargos"}
{"level":"info","message":"🔵 CargoControl.index - Listando todos os cargos","method":"GET","timestamp":"2026-08-26 17:56:39","url":"/api/v1/cargos"}
{"level":"info","message":"✅ CargoDAOMongo.findAll - 5 cargos encontrados","timestamp":"2026-08-26 17:56:39"}
{"level":"info","message":"✅ CargoService.findAll - 5 cargos encontrados","timestamp":"2026-08-26 17:56:39"}
{"level":"info","message":"✅ CargoControl.index - 5 cargos encontrados","timestamp":"2026-08-26 17:56:39"}
{"email":"helioesperidiao@gmail.com","idFuncionario":null,"level":"info","message":"✅ JwtMiddleware.validateToken - Token válido - renovado com sucesso","name":"Hélio","role":"Administrador","timestamp":"2026-08-26 17:56:43","url":"/api/v1/cargos//6a8f52b9a0f7d8d786e31857"}
{"idCargo":"6a8f52b9a0f7d8d786e31857","level":"info","message":"🔵 CargoControl.destroy - Excluindo cargo","timestamp":"2026-08-26 17:56:43","url":"/api/v1/cargos//6a8f52b9a0f7d8d786e31857"}
{"idCargo":"6a8f52b9a0f7d8d786e31857","level":"info","message":"✅ CargoDAOMongo.delete - Cargo excluído com sucesso","timestamp":"2026-08-26 17:56:43"}
{"level":"info","message":"✅ CargoService.deleteCargo - Cargo 6a8f52b9a0f7d8d786e31857 excluído com sucesso","timestamp":"2026-08-26 17:56:43"}
{"level":"info","message":"✅ CargoControl.destroy - Cargo 6a8f52b9a0f7d8d786e31857 excluído com sucesso","timestamp":"2026-08-26 17:56:43"}
{"email":"helioesperidiao@gmail.com","idFuncionario":null,"level":"info","message":"✅ JwtMiddleware.validateToken - Token válido - renovado com sucesso","name":"Hélio","role":"Administrador","timestamp":"2026-08-26 17:56:43","url":"/api/v1/cargos"}
{"level":"info","message":"🔵 CargoControl.index - Listando todos os cargos","method":"GET","timestamp":"2026-08-26 17:56:43","url":"/api/v1/cargos"}
{"level":"info","message":"✅ CargoDAOMongo.findAll - 4 cargos encontrados","timestamp":"2026-08-26 17:56:43"}
{"level":"info","message":"✅ CargoService.findAll - 4 cargos encontrados","timestamp":"2026-08-26 17:56:43"}
{"level":"info","message":"✅ CargoControl.index - 4 cargos encontrados","timestamp":"2026-08-26 17:56:43"}
{"email":"helioesperidiao@gmail.com","idFuncionario":null,"level":"info","message":"✅ JwtMiddleware.validateToken - Token válido - renovado com sucesso","name":"Hélio","role":"Administrador","timestamp":"2026-08-26 17:57:05","url":"/api/v1/cargos"}
{"level":"info","message":"🔵 CargoControl.index - Listando todos os cargos","method":"GET","timestamp":"2026-08-26 17:57:05","url":"/api/v1/cargos"}
{"level":"info","message":"✅ CargoDAOMongo.findAll - 4 cargos encontrados","timestamp":"2026-08-26 17:57:05"}
{"level":"info","message":"✅ CargoService.findAll - 4 cargos encontrados","timestamp":"2026-08-26 17:57:05"}
{"level":"info","message":"✅ CargoControl.index - 4 cargos encontrados","timestamp":"2026-08-26 17:57:05"}
{"level":"info","message":"🛑 Recebido SIGINT - Encerrando aplicação...","timestamp":"2026-08-26 17:57:59"}
{"level":"info","message":"🚀 Main - Iniciando aplicação","timestamp":"2026-08-26 17:58:00"}
{"level":"info","message":"⬆️ Server.constructor()","timestamp":"2026-08-26 17:58:00"}
{"level":"info","message":"⬆️ Server.init - Iniciando servidor","timestamp":"2026-08-26 17:58:00"}
{"database":"feira-tecnica2026","hasAuth":false,"host":"localhost","level":"info","message":"⬆️ MongoDatabase.constructor - Instância criada","port":27017,"timestamp":"2026-08-26 17:58:00"}
{"database":"feira-tecnica2026","host":"localhost","level":"info","message":"✅ MongoDatabase.connect - Conectado ao MongoDB com sucesso!","port":27017,"timestamp":"2026-08-26 17:58:00"}
{"level":"info","message":"✅ Server.init - Conectado ao MongoDB com sucesso","timestamp":"2026-08-26 17:58:00"}
{"level":"info","message":"🌱 Server.#seedDatabase - Inserindo cargos iniciais...","timestamp":"2026-08-26 17:58:00"}
{"level":"info","message":"🌱 Server.#seedDatabase - Inserindo funcionários iniciais...","timestamp":"2026-08-26 17:58:00"}
{"level":"info","message":"✅ Server.#seedDatabase - Seed concluída com sucesso!","timestamp":"2026-08-26 17:58:00"}
{"level":"info","message":"⬆️ Server.setupCargo - Configurando módulo Cargo","timestamp":"2026-08-26 17:58:00"}
{"level":"info","message":"⬆️ CargoDAOMongo.constructor()","timestamp":"2026-08-26 17:58:00"}
{"level":"info","message":"⬆️ CargoService.constructor()","timestamp":"2026-08-26 17:58:00"}
{"level":"info","message":"⬆️ CargoControl.constructor()","timestamp":"2026-08-26 17:58:00"}
{"level":"info","message":"⬆️ CargoRoteador.constructor()","timestamp":"2026-08-26 17:58:00"}
{"level":"info","message":"⬆️ CargoRoteador.createRoutes - Configurando rotas da entidade Cargo","timestamp":"2026-08-26 17:58:00"}
{"basePath":"/api/v1/cargos","level":"info","message":"✅ CargoRoteador.createRoutes - Todas as rotas de Cargo configuradas com sucesso","timestamp":"2026-08-26 17:58:00","totalRoutes":5}
{"level":"info","message":"✅ Server.setupCargo - Rotas de Cargo configuradas com sucesso","timestamp":"2026-08-26 17:58:00"}
{"level":"info","message":"⬆️ Server.setupFuncionario - Configurando módulo Funcionario","timestamp":"2026-08-26 17:58:00"}
{"level":"info","message":"⬆️ FuncionarioDAOMongo.constructor()","timestamp":"2026-08-26 17:58:00"}
{"level":"info","message":"⬆️ FuncionarioService.constructor()","timestamp":"2026-08-26 17:58:00"}
{"level":"info","message":"⬆️ FuncionarioControl.constructor()","timestamp":"2026-08-26 17:58:00"}
{"level":"info","message":"⬆️ FuncionarioRoteador.constructor()","timestamp":"2026-08-26 17:58:00"}
{"level":"info","message":"⬆️ FuncionarioRoteador.createRoutes - Configurando rotas da entidade Funcionario","timestamp":"2026-08-26 17:58:00"}
{"basePath":"/api/v1/funcionarios","level":"info","message":"✅ FuncionarioRoteador.createRoutes - Todas as rotas de Funcionario configuradas com sucesso","protectedRoutes":["POST /","PUT /:idFuncionario","DELETE /:idFuncionario","GET /","GET /:idFuncionario"],"publicRoutes":["POST /login"],"timestamp":"2026-08-26 17:58:00","totalRoutes":6}
{"level":"info","message":"✅ Server.setupFuncionario - Rotas de Funcionario configuradas com sucesso","timestamp":"2026-08-26 17:58:00"}
{"level":"info","message":"⬆️ Server.setupErrorMiddleware - Configurando middleware de tratamento de erros","timestamp":"2026-08-26 17:58:00"}
{"level":"info","message":"✅ Server.init - Servidor inicializado com sucesso","timestamp":"2026-08-26 17:58:00"}
{"level":"info","message":"✅ Main - Servidor iniciado com sucesso!","timestamp":"2026-08-26 17:58:00"}
{"level":"info","message":"🌐 Main - Acesse http://localhost:8080/Login.html","timestamp":"2026-08-26 17:58:00"}
{"level":"info","message":"🚀 Server.run - Servidor rodando em http://localhost:8080/index.html","timestamp":"2026-08-26 17:58:00"}
{"alg":"HS256","aud":"http://localhost","duracaoToken":5184000,"iss":"http://localhost","level":"info","message":"⬆️ MeuTokenJWT.constructor - Instância criada","sub":"acesso_sistema","timestamp":"2026-08-26 17:58:16","type":"JWT"}
{"email":"helioesperidiao@gmail.com","expiracao":"2026-10-25T20:44:13.000Z","idFuncionario":null,"jti":"b69bd43606839ba4609aa5ca42d66990","level":"info","message":"✅ MeuTokenJWT.validarToken - Token válido","name":"Hélio","role":"Administrador","timestamp":"2026-08-26 17:58:16"}
{"email":"helioesperidiao@gmail.com","expiracao":"2026-10-25T20:58:16.000Z","jti":"40014457ab8537f3188db6e0990cf607","level":"info","message":"✅ MeuTokenJWT.gerarToken - Token gerado com sucesso","timestamp":"2026-08-26 17:58:16"}
{"email":"helioesperidiao@gmail.com","idFuncionario":null,"level":"info","message":"✅ JwtMiddleware.validateToken - Token válido - renovado com sucesso","name":"Hélio","role":"Administrador","timestamp":"2026-08-26 17:58:16","url":"/api/v1/cargos"}
{"level":"info","message":"🔵 CargoControl.index - Listando todos os cargos","method":"GET","timestamp":"2026-08-26 17:58:16","url":"/api/v1/cargos"}
{"level":"info","message":"✅ CargoDAOMongo.findAll - 4 cargos encontrados","timestamp":"2026-08-26 17:58:16"}
{"level":"info","message":"✅ CargoService.findAll - 4 cargos encontrados","timestamp":"2026-08-26 17:58:16"}
{"level":"info","message":"✅ CargoControl.index - 4 cargos encontrados","timestamp":"2026-08-26 17:58:16"}
{"alg":"HS256","aud":"http://localhost","duracaoToken":5184000,"iss":"http://localhost","level":"info","message":"⬆️ MeuTokenJWT.constructor - Instância criada","sub":"acesso_sistema","timestamp":"2026-08-26 17:58:16","type":"JWT"}
{"email":"helioesperidiao@gmail.com","expiracao":"2026-10-25T20:44:13.000Z","idFuncionario":null,"jti":"b69bd43606839ba4609aa5ca42d66990","level":"info","message":"✅ MeuTokenJWT.validarToken - Token válido","name":"Hélio","role":"Administrador","timestamp":"2026-08-26 17:58:16"}
{"email":"helioesperidiao@gmail.com","expiracao":"2026-10-25T20:58:16.000Z","jti":"2ada9eb8f30a272a6f3f1d550c8494ea","level":"info","message":"✅ MeuTokenJWT.gerarToken - Token gerado com sucesso","timestamp":"2026-08-26 17:58:16"}
{"email":"helioesperidiao@gmail.com","idFuncionario":null,"level":"info","message":"✅ JwtMiddleware.validateToken - Token válido - renovado com sucesso","name":"Hélio","role":"Administrador","timestamp":"2026-08-26 17:58:16","url":"/api/v1/funcionarios"}
{"level":"info","message":"🔵 FuncionarioControl.index - Listando todos os funcionários","method":"GET","timestamp":"2026-08-26 17:58:16","url":"/api/v1/funcionarios"}
{"level":"info","message":"✅ FuncionarioDAOMongo.findAll - 3 funcionários encontrados","timestamp":"2026-08-26 17:58:16"}
{"level":"info","message":"✅ FuncionarioService.findAll - 3 funcionários encontrados","timestamp":"2026-08-26 17:58:16"}
{"level":"info","message":"✅ FuncionarioControl.index - 3 funcionários encontrados","timestamp":"2026-08-26 17:58:16"}
{"alg":"HS256","aud":"http://localhost","duracaoToken":5184000,"iss":"http://localhost","level":"info","message":"⬆️ MeuTokenJWT.constructor - Instância criada","sub":"acesso_sistema","timestamp":"2026-08-26 17:58:33","type":"JWT"}
{"email":"helioesperidiao@gmail.com","expiracao":"2026-10-25T20:44:13.000Z","idFuncionario":null,"jti":"b69bd43606839ba4609aa5ca42d66990","level":"info","message":"✅ MeuTokenJWT.validarToken - Token válido","name":"Hélio","role":"Administrador","timestamp":"2026-08-26 17:58:33"}
{"email":"helioesperidiao@gmail.com","expiracao":"2026-10-25T20:58:33.000Z","jti":"32f510fbf4eedaf1f9e350460a447019","level":"info","message":"✅ MeuTokenJWT.gerarToken - Token gerado com sucesso","timestamp":"2026-08-26 17:58:33"}
{"email":"helioesperidiao@gmail.com","idFuncionario":null,"level":"info","message":"✅ JwtMiddleware.validateToken - Token válido - renovado com sucesso","name":"Hélio","role":"Administrador","timestamp":"2026-08-26 17:58:33","url":"/api/v1/funcionarios"}
{"idCargo":"6a8f5358ac812edeb5a360a1","level":"warn","message":"⚠️ FuncionarioMiddleware.validateCreateBody - Validação falhou: 'idCargo' inválido","timestamp":"2026-08-26 17:58:33","url":"/api/v1/funcionarios"}
{"error":{"message":"O campo 'idCargo' deve ser um número inteiro positivo"},"httpCode":400,"level":"error","message":"Erro na validação de dados","name":"ErrorResponse","stack":"ErrorResponse: Erro na validação de dados\n    at validateCreateBody (D:\\professor\\2026\\cti\\feira-tecnica\\src\\api\\middleware\\FuncionarioMiddleware.js:97:19)\n    at Layer.handle [as handle_request] (D:\\professor\\2026\\cti\\feira-tecnica\\node_modules\\express\\lib\\router\\layer.js:95:5)\n    at next (D:\\professor\\2026\\cti\\feira-tecnica\\node_modules\\express\\lib\\router\\route.js:149:13)\n    at validateToken (D:\\professor\\2026\\cti\\feira-tecnica\\src\\api\\middleware\\JwtMiddleware.js:67:13)\n    at Layer.handle [as handle_request] (D:\\professor\\2026\\cti\\feira-tecnica\\node_modules\\express\\lib\\router\\layer.js:95:5)\n    at next (D:\\professor\\2026\\cti\\feira-tecnica\\node_modules\\express\\lib\\router\\route.js:149:13)\n    at Route.dispatch (D:\\professor\\2026\\cti\\feira-tecnica\\node_modules\\express\\lib\\router\\route.js:119:3)\n    at Layer.handle [as handle_request] (D:\\professor\\2026\\cti\\feira-tecnica\\node_modules\\express\\lib\\router\\layer.js:95:5)\n    at D:\\professor\\2026\\cti\\feira-tecnica\\node_modules\\express\\lib\\router\\index.js:284:15\n    at Function.process_params (D:\\professor\\2026\\cti\\feira-tecnica\\node_modules\\express\\lib\\router\\index.js:346:12)","timestamp":"2026-08-26 17:58:33"}
{"error":{"message":"O campo 'idCargo' deve ser um número inteiro positivo"},"httpCode":400,"level":"warn","message":"Erro na validação de dados","method":"POST","timestamp":"2026-08-26 17:58:33","url":"/api/v1/funcionarios"}
{"alg":"HS256","aud":"http://localhost","duracaoToken":5184000,"iss":"http://localhost","level":"info","message":"⬆️ MeuTokenJWT.constructor - Instância criada","sub":"acesso_sistema","timestamp":"2026-08-26 17:59:05","type":"JWT"}
{"email":"helioesperidiao@gmail.com","expiracao":"2026-10-25T20:44:13.000Z","idFuncionario":null,"jti":"b69bd43606839ba4609aa5ca42d66990","level":"info","message":"✅ MeuTokenJWT.validarToken - Token válido","name":"Hélio","role":"Administrador","timestamp":"2026-08-26 17:59:05"}
{"email":"helioesperidiao@gmail.com","expiracao":"2026-10-25T20:59:05.000Z","jti":"a1d88dd6ce1ced9b141533fac44a0314","level":"info","message":"✅ MeuTokenJWT.gerarToken - Token gerado com sucesso","timestamp":"2026-08-26 17:59:05"}
{"email":"helioesperidiao@gmail.com","idFuncionario":null,"level":"info","message":"✅ JwtMiddleware.validateToken - Token válido - renovado com sucesso","name":"Hélio","role":"Administrador","timestamp":"2026-08-26 17:59:05","url":"/api/v1/funcionarios"}
{"idCargo":"6a8f5358ac812edeb5a360a1","level":"warn","message":"⚠️ FuncionarioMiddleware.validateCreateBody - Validação falhou: 'idCargo' inválido","timestamp":"2026-08-26 17:59:05","url":"/api/v1/funcionarios"}
{"error":{"message":"O campo 'idCargo' deve ser um número inteiro positivo"},"httpCode":400,"level":"error","message":"Erro na validação de dados","name":"ErrorResponse","stack":"ErrorResponse: Erro na validação de dados\n    at validateCreateBody (D:\\professor\\2026\\cti\\feira-tecnica\\src\\api\\middleware\\FuncionarioMiddleware.js:97:19)\n    at Layer.handle [as handle_request] (D:\\professor\\2026\\cti\\feira-tecnica\\node_modules\\express\\lib\\router\\layer.js:95:5)\n    at next (D:\\professor\\2026\\cti\\feira-tecnica\\node_modules\\express\\lib\\router\\route.js:149:13)\n    at validateToken (D:\\professor\\2026\\cti\\feira-tecnica\\src\\api\\middleware\\JwtMiddleware.js:67:13)\n    at Layer.handle [as handle_request] (D:\\professor\\2026\\cti\\feira-tecnica\\node_modules\\express\\lib\\router\\layer.js:95:5)\n    at next (D:\\professor\\2026\\cti\\feira-tecnica\\node_modules\\express\\lib\\router\\route.js:149:13)\n    at Route.dispatch (D:\\professor\\2026\\cti\\feira-tecnica\\node_modules\\express\\lib\\router\\route.js:119:3)\n    at Layer.handle [as handle_request] (D:\\professor\\2026\\cti\\feira-tecnica\\node_modules\\express\\lib\\router\\layer.js:95:5)\n    at D:\\professor\\2026\\cti\\feira-tecnica\\node_modules\\express\\lib\\router\\index.js:284:15\n    at Function.process_params (D:\\professor\\2026\\cti\\feira-tecnica\\node_modules\\express\\lib\\router\\index.js:346:12)","timestamp":"2026-08-26 17:59:05"}
{"error":{"message":"O campo 'idCargo' deve ser um número inteiro positivo"},"httpCode":400,"level":"warn","message":"Erro na validação de dados","method":"POST","timestamp":"2026-08-26 17:59:05","url":"/api/v1/funcionarios"}
{"alg":"HS256","aud":"http://localhost","duracaoToken":5184000,"iss":"http://localhost","level":"info","message":"⬆️ MeuTokenJWT.constructor - Instância criada","sub":"acesso_sistema","timestamp":"2026-08-26 17:59:08","type":"JWT"}
{"email":"helioesperidiao@gmail.com","expiracao":"2026-10-25T20:44:13.000Z","idFuncionario":null,"jti":"b69bd43606839ba4609aa5ca42d66990","level":"info","message":"✅ MeuTokenJWT.validarToken - Token válido","name":"Hélio","role":"Administrador","timestamp":"2026-08-26 17:59:08"}
{"email":"helioesperidiao@gmail.com","expiracao":"2026-10-25T20:59:08.000Z","jti":"30529c929ce302e448da50a50be28195","level":"info","message":"✅ MeuTokenJWT.gerarToken - Token gerado com sucesso","timestamp":"2026-08-26 17:59:08"}
{"email":"helioesperidiao@gmail.com","idFuncionario":null,"level":"info","message":"✅ JwtMiddleware.validateToken - Token válido - renovado com sucesso","name":"Hélio","role":"Administrador","timestamp":"2026-08-26 17:59:08","url":"/api/v1/funcionarios"}
{"idCargo":"6a8f5358ac812edeb5a360a1","level":"warn","message":"⚠️ FuncionarioMiddleware.validateCreateBody - Validação falhou: 'idCargo' inválido","timestamp":"2026-08-26 17:59:08","url":"/api/v1/funcionarios"}
{"error":{"message":"O campo 'idCargo' deve ser um número inteiro positivo"},"httpCode":400,"level":"error","message":"Erro na validação de dados","name":"ErrorResponse","stack":"ErrorResponse: Erro na validação de dados\n    at validateCreateBody (D:\\professor\\2026\\cti\\feira-tecnica\\src\\api\\middleware\\FuncionarioMiddleware.js:97:19)\n    at Layer.handle [as handle_request] (D:\\professor\\2026\\cti\\feira-tecnica\\node_modules\\express\\lib\\router\\layer.js:95:5)\n    at next (D:\\professor\\2026\\cti\\feira-tecnica\\node_modules\\express\\lib\\router\\route.js:149:13)\n    at validateToken (D:\\professor\\2026\\cti\\feira-tecnica\\src\\api\\middleware\\JwtMiddleware.js:67:13)\n    at Layer.handle [as handle_request] (D:\\professor\\2026\\cti\\feira-tecnica\\node_modules\\express\\lib\\router\\layer.js:95:5)\n    at next (D:\\professor\\2026\\cti\\feira-tecnica\\node_modules\\express\\lib\\router\\route.js:149:13)\n    at Route.dispatch (D:\\professor\\2026\\cti\\feira-tecnica\\node_modules\\express\\lib\\router\\route.js:119:3)\n    at Layer.handle [as handle_request] (D:\\professor\\2026\\cti\\feira-tecnica\\node_modules\\express\\lib\\router\\layer.js:95:5)\n    at D:\\professor\\2026\\cti\\feira-tecnica\\node_modules\\express\\lib\\router\\index.js:284:15\n    at Function.process_params (D:\\professor\\2026\\cti\\feira-tecnica\\node_modules\\express\\lib\\router\\index.js:346:12)","timestamp":"2026-08-26 17:59:08"}
{"error":{"message":"O campo 'idCargo' deve ser um número inteiro positivo"},"httpCode":400,"level":"warn","message":"Erro na validação de dados","method":"POST","timestamp":"2026-08-26 17:59:08","url":"/api/v1/funcionarios"}
{"alg":"HS256","aud":"http://localhost","duracaoToken":5184000,"iss":"http://localhost","level":"info","message":"⬆️ MeuTokenJWT.constructor - Instância criada","sub":"acesso_sistema","timestamp":"2026-08-26 17:59:10","type":"JWT"}
{"email":"helioesperidiao@gmail.com","expiracao":"2026-10-25T20:44:13.000Z","idFuncionario":null,"jti":"b69bd43606839ba4609aa5ca42d66990","level":"info","message":"✅ MeuTokenJWT.validarToken - Token válido","name":"Hélio","role":"Administrador","timestamp":"2026-08-26 17:59:10"}
{"email":"helioesperidiao@gmail.com","expiracao":"2026-10-25T20:59:10.000Z","jti":"92b1004a16705c7a3f34d833a58f9b02","level":"info","message":"✅ MeuTokenJWT.gerarToken - Token gerado com sucesso","timestamp":"2026-08-26 17:59:10"}
{"email":"helioesperidiao@gmail.com","idFuncionario":null,"level":"info","message":"✅ JwtMiddleware.validateToken - Token válido - renovado com sucesso","name":"Hélio","role":"Administrador","timestamp":"2026-08-26 17:59:10","url":"/api/v1/funcionarios"}
{"idCargo":"6a8f5358ac812edeb5a360a1","level":"warn","message":"⚠️ FuncionarioMiddleware.validateCreateBody - Validação falhou: 'idCargo' inválido","timestamp":"2026-08-26 17:59:10","url":"/api/v1/funcionarios"}
{"error":{"message":"O campo 'idCargo' deve ser um número inteiro positivo"},"httpCode":400,"level":"error","message":"Erro na validação de dados","name":"ErrorResponse","stack":"ErrorResponse: Erro na validação de dados\n    at validateCreateBody (D:\\professor\\2026\\cti\\feira-tecnica\\src\\api\\middleware\\FuncionarioMiddleware.js:97:19)\n    at Layer.handle [as handle_request] (D:\\professor\\2026\\cti\\feira-tecnica\\node_modules\\express\\lib\\router\\layer.js:95:5)\n    at next (D:\\professor\\2026\\cti\\feira-tecnica\\node_modules\\express\\lib\\router\\route.js:149:13)\n    at validateToken (D:\\professor\\2026\\cti\\feira-tecnica\\src\\api\\middleware\\JwtMiddleware.js:67:13)\n    at Layer.handle [as handle_request] (D:\\professor\\2026\\cti\\feira-tecnica\\node_modules\\express\\lib\\router\\layer.js:95:5)\n    at next (D:\\professor\\2026\\cti\\feira-tecnica\\node_modules\\express\\lib\\router\\route.js:149:13)\n    at Route.dispatch (D:\\professor\\2026\\cti\\feira-tecnica\\node_modules\\express\\lib\\router\\route.js:119:3)\n    at Layer.handle [as handle_request] (D:\\professor\\2026\\cti\\feira-tecnica\\node_modules\\express\\lib\\router\\layer.js:95:5)\n    at D:\\professor\\2026\\cti\\feira-tecnica\\node_modules\\express\\lib\\router\\index.js:284:15\n    at Function.process_params (D:\\professor\\2026\\cti\\feira-tecnica\\node_modules\\express\\lib\\router\\index.js:346:12)","timestamp":"2026-08-26 17:59:10"}
{"error":{"message":"O campo 'idCargo' deve ser um número inteiro positivo"},"httpCode":400,"level":"warn","message":"Erro na validação de dados","method":"POST","timestamp":"2026-08-26 17:59:10","url":"/api/v1/funcionarios"}
{"level":"info","message":"🛑 Recebido SIGINT - Encerrando aplicação...","timestamp":"2026-08-26 17:59:16"}
{"level":"info","message":"🚀 Main - Iniciando aplicação","timestamp":"2026-08-27 12:41:21"}
{"level":"info","message":"⬆️ Server.constructor()","timestamp":"2026-08-27 12:41:21"}
{"level":"info","message":"⬆️ Server.init - Iniciando servidor","timestamp":"2026-08-27 12:41:21"}
{"database":"feira-tecnica2026","hasAuth":false,"host":"localhost","level":"info","message":"⬆️ MongoDatabase.constructor - Instância criada","port":27017,"timestamp":"2026-08-27 12:41:21"}
{"database":"feira-tecnica2026","host":"localhost","level":"info","message":"✅ MongoDatabase.connect - Conectado ao MongoDB com sucesso!","port":27017,"timestamp":"2026-08-27 12:41:22"}
{"level":"info","message":"✅ Server.init - Conectado ao MongoDB com sucesso","timestamp":"2026-08-27 12:41:22"}
{"level":"info","message":"🌱 Server.#seedDatabase - Inserindo cargos iniciais...","timestamp":"2026-08-27 12:41:22"}
{"level":"info","message":"🌱 Server.#seedDatabase - Inserindo funcionários iniciais...","timestamp":"2026-08-27 12:41:22"}
{"level":"info","message":"✅ Server.#seedDatabase - Seed concluída com sucesso!","timestamp":"2026-08-27 12:41:23"}
{"level":"info","message":"⬆️ Server.setupCargo - Configurando módulo Cargo","timestamp":"2026-08-27 12:41:23"}
{"level":"info","message":"⬆️ CargoDAOMongo.constructor()","timestamp":"2026-08-27 12:41:23"}
{"level":"info","message":"⬆️ CargoService.constructor()","timestamp":"2026-08-27 12:41:23"}
{"level":"info","message":"⬆️ CargoControl.constructor()","timestamp":"2026-08-27 12:41:23"}
{"level":"info","message":"⬆️ CargoRoteador.constructor()","timestamp":"2026-08-27 12:41:23"}
{"level":"info","message":"⬆️ CargoRoteador.createRoutes - Configurando rotas da entidade Cargo","timestamp":"2026-08-27 12:41:23"}
{"basePath":"/api/v1/cargos","level":"info","message":"✅ CargoRoteador.createRoutes - Todas as rotas de Cargo configuradas com sucesso","timestamp":"2026-08-27 12:41:23","totalRoutes":5}
{"level":"info","message":"✅ Server.setupCargo - Rotas de Cargo configuradas com sucesso","timestamp":"2026-08-27 12:41:23"}
{"level":"info","message":"⬆️ Server.setupFuncionario - Configurando módulo Funcionario","timestamp":"2026-08-27 12:41:23"}
{"level":"info","message":"⬆️ FuncionarioDAOMongo.constructor()","timestamp":"2026-08-27 12:41:23"}
{"level":"info","message":"⬆️ FuncionarioService.constructor()","timestamp":"2026-08-27 12:41:23"}
{"level":"info","message":"⬆️ FuncionarioControl.constructor()","timestamp":"2026-08-27 12:41:23"}
{"level":"info","message":"⬆️ FuncionarioRoteador.constructor()","timestamp":"2026-08-27 12:41:23"}
{"level":"info","message":"⬆️ FuncionarioRoteador.createRoutes - Configurando rotas da entidade Funcionario","timestamp":"2026-08-27 12:41:23"}
{"basePath":"/api/v1/funcionarios","level":"info","message":"✅ FuncionarioRoteador.createRoutes - Todas as rotas de Funcionario configuradas com sucesso","protectedRoutes":["POST /","PUT /:idFuncionario","DELETE /:idFuncionario","GET /","GET /:idFuncionario"],"publicRoutes":["POST /login"],"timestamp":"2026-08-27 12:41:23","totalRoutes":6}
{"level":"info","message":"✅ Server.setupFuncionario - Rotas de Funcionario configuradas com sucesso","timestamp":"2026-08-27 12:41:23"}
{"level":"info","message":"⬆️ Server.setupErrorMiddleware - Configurando middleware de tratamento de erros","timestamp":"2026-08-27 12:41:23"}
{"level":"info","message":"✅ Server.init - Servidor inicializado com sucesso","timestamp":"2026-08-27 12:41:23"}
{"level":"info","message":"✅ Main - Servidor iniciado com sucesso!","timestamp":"2026-08-27 12:41:23"}
{"level":"info","message":"🌐 Main - Acesse http://localhost:8080/Login.html","timestamp":"2026-08-27 12:41:23"}
{"level":"info","message":"🚀 Server.run - Servidor rodando em http://localhost:3000/index.html","timestamp":"2026-08-27 12:41:23"}
{"level":"info","message":"🛑 Recebido SIGINT - Encerrando aplicação...","timestamp":"2026-08-27 12:44:59"}
{"level":"info","message":"🚀 Main - Iniciando aplicação","timestamp":"2026-08-27 12:45:04"}
{"level":"info","message":"⬆️ Server.constructor()","timestamp":"2026-08-27 12:45:04"}
{"level":"info","message":"⬆️ Server.init - Iniciando servidor","timestamp":"2026-08-27 12:45:04"}
{"database":"feira-tecnica2026","hasAuth":false,"host":"localhost","level":"info","message":"⬆️ MongoDatabase.constructor - Instância criada","port":27017,"timestamp":"2026-08-27 12:45:04"}
{"database":"feira-tecnica2026","host":"localhost","level":"info","message":"✅ MongoDatabase.connect - Conectado ao MongoDB com sucesso!","port":27017,"timestamp":"2026-08-27 12:45:05"}
{"level":"info","message":"✅ Server.init - Conectado ao MongoDB com sucesso","timestamp":"2026-08-27 12:45:05"}
{"level":"info","message":"✅ Server.#seedDatabase - Cargos já existentes, seed não executada.","timestamp":"2026-08-27 12:45:05"}
{"level":"info","message":"⬆️ Server.setupCargo - Configurando módulo Cargo","timestamp":"2026-08-27 12:45:05"}
{"level":"info","message":"⬆️ CargoDAOMongo.constructor()","timestamp":"2026-08-27 12:45:05"}
{"level":"info","message":"⬆️ CargoService.constructor()","timestamp":"2026-08-27 12:45:05"}
{"level":"info","message":"⬆️ CargoControl.constructor()","timestamp":"2026-08-27 12:45:05"}
{"level":"info","message":"⬆️ CargoRoteador.constructor()","timestamp":"2026-08-27 12:45:05"}
{"level":"info","message":"⬆️ CargoRoteador.createRoutes - Configurando rotas da entidade Cargo","timestamp":"2026-08-27 12:45:05"}
{"basePath":"/api/v1/cargos","level":"info","message":"✅ CargoRoteador.createRoutes - Todas as rotas de Cargo configuradas com sucesso","timestamp":"2026-08-27 12:45:05","totalRoutes":5}
{"level":"info","message":"✅ Server.setupCargo - Rotas de Cargo configuradas com sucesso","timestamp":"2026-08-27 12:45:05"}
{"level":"info","message":"⬆️ Server.setupFuncionario - Configurando módulo Funcionario","timestamp":"2026-08-27 12:45:05"}
{"level":"info","message":"⬆️ FuncionarioDAOMongo.constructor()","timestamp":"2026-08-27 12:45:05"}
{"level":"info","message":"⬆️ FuncionarioService.constructor()","timestamp":"2026-08-27 12:45:05"}
{"level":"info","message":"⬆️ FuncionarioControl.constructor()","timestamp":"2026-08-27 12:45:05"}
{"level":"info","message":"⬆️ FuncionarioRoteador.constructor()","timestamp":"2026-08-27 12:45:05"}
{"level":"info","message":"⬆️ FuncionarioRoteador.createRoutes - Configurando rotas da entidade Funcionario","timestamp":"2026-08-27 12:45:05"}
{"basePath":"/api/v1/funcionarios","level":"info","message":"✅ FuncionarioRoteador.createRoutes - Todas as rotas de Funcionario configuradas com sucesso","protectedRoutes":["POST /","PUT /:idFuncionario","DELETE /:idFuncionario","GET /","GET /:idFuncionario"],"publicRoutes":["POST /login"],"timestamp":"2026-08-27 12:45:05","totalRoutes":6}
{"level":"info","message":"✅ Server.setupFuncionario - Rotas de Funcionario configuradas com sucesso","timestamp":"2026-08-27 12:45:05"}
{"level":"info","message":"⬆️ Server.setupErrorMiddleware - Configurando middleware de tratamento de erros","timestamp":"2026-08-27 12:45:05"}
{"level":"info","message":"✅ Server.init - Servidor inicializado com sucesso","timestamp":"2026-08-27 12:45:05"}
{"level":"info","message":"✅ Main - Servidor iniciado com sucesso!","timestamp":"2026-08-27 12:45:05"}
{"level":"info","message":"🌐 Main - Acesse http://localhost:8080/Login.html","timestamp":"2026-08-27 12:45:05"}
{"level":"info","message":"🚀 Server.run - Servidor rodando em http://localhost:3000/index.html","timestamp":"2026-08-27 12:45:05"}
{"alg":"HS256","aud":"http://localhost","duracaoToken":5184000,"iss":"http://localhost","level":"info","message":"⬆️ MeuTokenJWT.constructor - Instância criada","sub":"acesso_sistema","timestamp":"2026-08-27 12:52:01","type":"JWT"}
{"level":"warn","message":"⚠️ MeuTokenJWT.validarToken - Token não fornecido","timestamp":"2026-08-27 12:52:01"}
{"error":"Token não fornecido","hasToken":false,"ip":"::1","level":"warn","message":"⚠️ JwtMiddleware.validateToken - Token inválido ou expirado","method":"GET","timestamp":"2026-08-27 12:52:01","url":"/api/v1/funcionarios/login"}
{"alg":"HS256","aud":"http://localhost","duracaoToken":5184000,"iss":"http://localhost","level":"info","message":"⬆️ MeuTokenJWT.constructor - Instância criada","sub":"acesso_sistema","timestamp":"2026-08-27 12:57:10","type":"JWT"}
{"level":"warn","message":"⚠️ MeuTokenJWT.validarToken - Token não fornecido","timestamp":"2026-08-27 12:57:10"}
{"error":"Token não fornecido","hasToken":false,"ip":"::1","level":"warn","message":"⚠️ JwtMiddleware.validateToken - Token inválido ou expirado","method":"GET","timestamp":"2026-08-27 12:57:10","url":"/api/v1/funcionarios/login"}
{"level":"info","message":"🛑 Recebido SIGINT - Encerrando aplicação...","timestamp":"2026-08-27 12:58:41"}
{"level":"info","message":"🚀 Main - Iniciando aplicação","timestamp":"2026-08-27 12:58:49"}
{"level":"info","message":"⬆️ Server.constructor()","timestamp":"2026-08-27 12:58:49"}
{"level":"info","message":"⬆️ Server.init - Iniciando servidor","timestamp":"2026-08-27 12:58:49"}
{"database":"feira-tecnica2026","hasAuth":false,"host":"localhost","level":"info","message":"⬆️ MongoDatabase.constructor - Instância criada","port":27017,"timestamp":"2026-08-27 12:58:49"}
{"database":"feira-tecnica2026","host":"localhost","level":"info","message":"✅ MongoDatabase.connect - Conectado ao MongoDB com sucesso!","port":27017,"timestamp":"2026-08-27 12:58:49"}
{"level":"info","message":"✅ Server.init - Conectado ao MongoDB com sucesso","timestamp":"2026-08-27 12:58:49"}
{"level":"info","message":"✅ Server.#seedDatabase - Cargos já existentes, seed não executada.","timestamp":"2026-08-27 12:58:49"}
{"level":"info","message":"⬆️ Server.setupCargo - Configurando módulo Cargo","timestamp":"2026-08-27 12:58:49"}
{"level":"info","message":"⬆️ CargoDAOMongo.constructor()","timestamp":"2026-08-27 12:58:49"}
{"level":"info","message":"⬆️ CargoService.constructor()","timestamp":"2026-08-27 12:58:49"}
{"level":"info","message":"⬆️ CargoControl.constructor()","timestamp":"2026-08-27 12:58:49"}
{"level":"info","message":"⬆️ CargoRoteador.constructor()","timestamp":"2026-08-27 12:58:49"}
{"level":"info","message":"⬆️ CargoRoteador.createRoutes - Configurando rotas da entidade Cargo","timestamp":"2026-08-27 12:58:49"}
{"basePath":"/api/v1/cargos","level":"info","message":"✅ CargoRoteador.createRoutes - Todas as rotas de Cargo configuradas com sucesso","timestamp":"2026-08-27 12:58:49","totalRoutes":5}
{"level":"info","message":"✅ Server.setupCargo - Rotas de Cargo configuradas com sucesso","timestamp":"2026-08-27 12:58:49"}
{"level":"info","message":"⬆️ Server.setupFuncionario - Configurando módulo Funcionario","timestamp":"2026-08-27 12:58:49"}
{"level":"info","message":"⬆️ FuncionarioDAOMongo.constructor()","timestamp":"2026-08-27 12:58:49"}
{"level":"info","message":"⬆️ FuncionarioService.constructor()","timestamp":"2026-08-27 12:58:49"}
{"level":"info","message":"⬆️ FuncionarioControl.constructor()","timestamp":"2026-08-27 12:58:49"}
{"level":"info","message":"⬆️ FuncionarioRoteador.constructor()","timestamp":"2026-08-27 12:58:49"}
{"level":"info","message":"⬆️ FuncionarioRoteador.createRoutes - Configurando rotas da entidade Funcionario","timestamp":"2026-08-27 12:58:49"}
{"basePath":"/api/v1/funcionarios","level":"info","message":"✅ FuncionarioRoteador.createRoutes - Todas as rotas de Funcionario configuradas com sucesso","protectedRoutes":["POST /","PUT /:idFuncionario","DELETE /:idFuncionario","GET /","GET /:idFuncionario"],"publicRoutes":["POST /login"],"timestamp":"2026-08-27 12:58:49","totalRoutes":6}
{"level":"info","message":"✅ Server.setupFuncionario - Rotas de Funcionario configuradas com sucesso","timestamp":"2026-08-27 12:58:49"}
{"level":"info","message":"⬆️ Server.setupErrorMiddleware - Configurando middleware de tratamento de erros","timestamp":"2026-08-27 12:58:49"}
{"level":"info","message":"✅ Server.init - Servidor inicializado com sucesso","timestamp":"2026-08-27 12:58:49"}
{"level":"info","message":"✅ Main - Servidor iniciado com sucesso!","timestamp":"2026-08-27 12:58:49"}
{"level":"info","message":"🌐 Main - Acesse http://localhost:8080/Login.html","timestamp":"2026-08-27 12:58:49"}
{"level":"info","message":"🚀 Server.run - Servidor rodando em http://localhost:3000/index.html","timestamp":"2026-08-27 12:58:49"}
{"level":"info","message":"🛑 Recebido SIGINT - Encerrando aplicação...","timestamp":"2026-08-27 13:00:42"}
